// Jest Snapshot v1, https://goo.gl/fbAQLP

exports[`should render ExpenseListItem correctly 1`] = `
<div>
  <Link
    replace={false}
    to="/edit/1"
  >
    <h3>
      Gum
    </h3>
  </Link>
  <b>
     Amount: 
  </b>
  195
  ,
  <b>
     Created At: 
  </b>
  0
  Â 
</div>
`;
